---
source: crates/demo_showcase/tests/snapshot_tests.rs
expression: view
---
 Charmed Control Center   Connected                                     [Dark]                          
  [] DashboardJobs                                                                                      
  >_ Services / filter > Filter jobs... (/ to focus)                                                    
> >> Jobs     19/20 shown  [●] R:3 [●] C:9 [ ] F:0 [●] Q:7  Sort: time↓                                 
   # Logs                                                                                               
   ? Docs      ID      Name                          Kind        Status        Progress    Started      
  <> Files     #59     metrics-aggregate-8916        Backup      ● Completed   1                        
   * Wizard    #56     cache-warmup-8648             Migration   ● Completed   1                        
   @ Settings  #64     cleanup-expired-3113          Migration   ● Completed   1                        
               #63     data-sync-3676                Cron        ● Completed   1                        
               #60     cache-warmup-3354             Migration   ● Completed   1                        
                                                                                                        
              metrics-aggregate-8916   ● Completed                                                      
                                                                                                        
              Summary                                                                                   
                Kind:     Backup                                                                        
                Progress: [####################] 100%                                                   
                Duration: 27s                                                                           
                                                                                                        
              Parameters                                                                                
                 Environment  qa                                                                        
                                                                                                        
                                                                                                        
n new ⏎ start x cancel R retry / filter s sort j/k nav r refresh | 1-7 pages [                          
sidebar ? help q quit
